19:29:45 **** Incremental Build of configuration Debug for project 001HelloWorld_SWV_Testing ****
make -j8 all 
arm-none-eabi-gcc "../Src/main.c" -mcpu=cortex-m3 -std=gnu11 -g3 -DDEBUG -DSTM32F103RBTx -DSTM32 -DSTM32F1 -DNUCLEO_F103RB -c -I../Inc -O0 -ffunction-sections -fdata-sections -Wall -fstack-usage -fcyclomatic-complexity -MMD -MP -MF"Src/main.d" -MT"Src/main.o" --specs=nano.specs -mfloat-abi=soft -mthumb -o "Src/main.o"
arm-none-eabi-gcc "../Src/syscalls.c" -mcpu=cortex-m3 -std=gnu11 -g3 -DDEBUG -DSTM32F103RBTx -DSTM32 -DSTM32F1 -DNUCLEO_F103RB -c -I../Inc -O0 -ffunction-sections -fdata-sections -Wall -fstack-usage -fcyclomatic-complexity -MMD -MP -MF"Src/syscalls.d" -MT"Src/syscalls.o" --specs=nano.specs -mfloat-abi=soft -mthumb -o "Src/syscalls.o"
arm-none-eabi-gcc "../Src/sysmem.c" -mcpu=cortex-m3 -std=gnu11 -g3 -DDEBUG -DSTM32F103RBTx -DSTM32 -DSTM32F1 -DNUCLEO_F103RB -c -I../Inc -O0 -ffunction-sections -fdata-sections -Wall -fstack-usage -fcyclomatic-complexity -MMD -MP -MF"Src/sysmem.d" -MT"Src/sysmem.o" --specs=nano.specs -mfloat-abi=soft -mthumb -o "Src/sysmem.o"
arm-none-eabi-gcc -o "001HelloWorld_SWV_Testing.elf" @"objects.list"   -mcpu=cortex-m3 -T"C:\Users\John.DESKTOP-ACCU4EE\Desktop\Embedded-C\My_Workspace\host\001HelloWorld_SWV_Testing\STM32F103RBTX_FLASH.ld" --specs=nosys.specs -Wl,-Map="001HelloWorld_SWV_Testing.map" -Wl,--gc-sections -static --specs=nano.specs -mfloat-abi=soft -mthumb -Wl,--start-group -lc -lm -Wl,--end-group
Finished building target: 001HelloWorld_SWV_Testing.elf
 
arm-none-eabi-size  001HelloWorld_SWV_Testing.elf 
arm-none-eabi-objdump -h -S 001HelloWorld_SWV_Testing.elf  > "001HelloWorld_SWV_Testing.list"
   text	   data	    bss	    dec	    hex	filename
   3292	     92	   1900	   5284	   14a4	001HelloWorld_SWV_Testing.elf
Finished building: default.size.stdout
 
Finished building: 001HelloWorld_SWV_Testing.list
 

19:29:46 Build Finished. 0 errors, 0 warnings. (took 620ms)

