18:19:29 **** Incremental Build of configuration Debug for project stm32f1xx_drivers ****
make -j8 all 
arm-none-eabi-gcc "../drivers/Src/stm32f103xx_gpio.c" -mcpu=cortex-m3 -std=gnu11 -g3 -DDEBUG -DSTM32F103RBTx -DSTM32 -DSTM32F1 -DNUCLEO_F103RB -c -I../Inc -I"C:/Users/John.DESKTOP-ACCU4EE/Desktop/Embedded-C/My_Workspace/host/stm32f1xx_drivers/bsp" -I"C:/Users/John.DESKTOP-ACCU4EE/Desktop/Embedded-C/My_Workspace/host/stm32f1xx_drivers/drivers/Inc" -O0 -ffunction-sections -fdata-sections -Wall -fstack-usage -fcyclomatic-complexity -MMD -MP -MF"drivers/Src/stm32f103xx_gpio.d" -MT"drivers/Src/stm32f103xx_gpio.o" --specs=nano.specs -mfloat-abi=soft -mthumb -o "drivers/Src/stm32f103xx_gpio.o"
arm-none-eabi-gcc "../drivers/Src/stm32f103xx_i2c.c" -mcpu=cortex-m3 -std=gnu11 -g3 -DDEBUG -DSTM32F103RBTx -DSTM32 -DSTM32F1 -DNUCLEO_F103RB -c -I../Inc -I"C:/Users/John.DESKTOP-ACCU4EE/Desktop/Embedded-C/My_Workspace/host/stm32f1xx_drivers/bsp" -I"C:/Users/John.DESKTOP-ACCU4EE/Desktop/Embedded-C/My_Workspace/host/stm32f1xx_drivers/drivers/Inc" -O0 -ffunction-sections -fdata-sections -Wall -fstack-usage -fcyclomatic-complexity -MMD -MP -MF"drivers/Src/stm32f103xx_i2c.d" -MT"drivers/Src/stm32f103xx_i2c.o" --specs=nano.specs -mfloat-abi=soft -mthumb -o "drivers/Src/stm32f103xx_i2c.o"
arm-none-eabi-gcc "../drivers/Src/stm32f103xx_rcc.c" -mcpu=cortex-m3 -std=gnu11 -g3 -DDEBUG -DSTM32F103RBTx -DSTM32 -DSTM32F1 -DNUCLEO_F103RB -c -I../Inc -I"C:/Users/John.DESKTOP-ACCU4EE/Desktop/Embedded-C/My_Workspace/host/stm32f1xx_drivers/bsp" -I"C:/Users/John.DESKTOP-ACCU4EE/Desktop/Embedded-C/My_Workspace/host/stm32f1xx_drivers/drivers/Inc" -O0 -ffunction-sections -fdata-sections -Wall -fstack-usage -fcyclomatic-complexity -MMD -MP -MF"drivers/Src/stm32f103xx_rcc.d" -MT"drivers/Src/stm32f103xx_rcc.o" --specs=nano.specs -mfloat-abi=soft -mthumb -o "drivers/Src/stm32f103xx_rcc.o"
arm-none-eabi-gcc "../drivers/Src/stm32f103xx_spi.c" -mcpu=cortex-m3 -std=gnu11 -g3 -DDEBUG -DSTM32F103RBTx -DSTM32 -DSTM32F1 -DNUCLEO_F103RB -c -I../Inc -I"C:/Users/John.DESKTOP-ACCU4EE/Desktop/Embedded-C/My_Workspace/host/stm32f1xx_drivers/bsp" -I"C:/Users/John.DESKTOP-ACCU4EE/Desktop/Embedded-C/My_Workspace/host/stm32f1xx_drivers/drivers/Inc" -O0 -ffunction-sections -fdata-sections -Wall -fstack-usage -fcyclomatic-complexity -MMD -MP -MF"drivers/Src/stm32f103xx_spi.d" -MT"drivers/Src/stm32f103xx_spi.o" --specs=nano.specs -mfloat-abi=soft -mthumb -o "drivers/Src/stm32f103xx_spi.o"
arm-none-eabi-gcc "../drivers/Src/stm32f103xx_usart.c" -mcpu=cortex-m3 -std=gnu11 -g3 -DDEBUG -DSTM32F103RBTx -DSTM32 -DSTM32F1 -DNUCLEO_F103RB -c -I../Inc -I"C:/Users/John.DESKTOP-ACCU4EE/Desktop/Embedded-C/My_Workspace/host/stm32f1xx_drivers/bsp" -I"C:/Users/John.DESKTOP-ACCU4EE/Desktop/Embedded-C/My_Workspace/host/stm32f1xx_drivers/drivers/Inc" -O0 -ffunction-sections -fdata-sections -Wall -fstack-usage -fcyclomatic-complexity -MMD -MP -MF"drivers/Src/stm32f103xx_usart.d" -MT"drivers/Src/stm32f103xx_usart.o" --specs=nano.specs -mfloat-abi=soft -mthumb -o "drivers/Src/stm32f103xx_usart.o"
arm-none-eabi-gcc "../bsp/ds3231.c" -mcpu=cortex-m3 -std=gnu11 -g3 -DDEBUG -DSTM32F103RBTx -DSTM32 -DSTM32F1 -DNUCLEO_F103RB -c -I../Inc -I"C:/Users/John.DESKTOP-ACCU4EE/Desktop/Embedded-C/My_Workspace/host/stm32f1xx_drivers/bsp" -I"C:/Users/John.DESKTOP-ACCU4EE/Desktop/Embedded-C/My_Workspace/host/stm32f1xx_drivers/drivers/Inc" -O0 -ffunction-sections -fdata-sections -Wall -fstack-usage -fcyclomatic-complexity -MMD -MP -MF"bsp/ds3231.d" -MT"bsp/ds3231.o" --specs=nano.specs -mfloat-abi=soft -mthumb -o "bsp/ds3231.o"
arm-none-eabi-gcc -mcpu=cortex-m3 -g3 -DDEBUG -c -x assembler-with-cpp -MMD -MP -MF"Startup/startup_stm32f103rbtx.d" -MT"Startup/startup_stm32f103rbtx.o" --specs=nano.specs -mfloat-abi=soft -mthumb -o "Startup/startup_stm32f103rbtx.o" "../Startup/startup_stm32f103rbtx.s"
arm-none-eabi-gcc "../Src/button.c" -mcpu=cortex-m3 -std=gnu11 -g3 -DDEBUG -DSTM32F103RBTx -DSTM32 -DSTM32F1 -DNUCLEO_F103RB -c -I../Inc -I"C:/Users/John.DESKTOP-ACCU4EE/Desktop/Embedded-C/My_Workspace/host/stm32f1xx_drivers/bsp" -I"C:/Users/John.DESKTOP-ACCU4EE/Desktop/Embedded-C/My_Workspace/host/stm32f1xx_drivers/drivers/Inc" -O0 -ffunction-sections -fdata-sections -Wall -fstack-usage -fcyclomatic-complexity -MMD -MP -MF"Src/button.d" -MT"Src/button.o" --specs=nano.specs -mfloat-abi=soft -mthumb -o "Src/button.o"
arm-none-eabi-gcc "../Src/syscalls.c" -mcpu=cortex-m3 -std=gnu11 -g3 -DDEBUG -DSTM32F103RBTx -DSTM32 -DSTM32F1 -DNUCLEO_F103RB -c -I../Inc -I"C:/Users/John.DESKTOP-ACCU4EE/Desktop/Embedded-C/My_Workspace/host/stm32f1xx_drivers/bsp" -I"C:/Users/John.DESKTOP-ACCU4EE/Desktop/Embedded-C/My_Workspace/host/stm32f1xx_drivers/drivers/Inc" -O0 -ffunction-sections -fdata-sections -Wall -fstack-usage -fcyclomatic-complexity -MMD -MP -MF"Src/syscalls.d" -MT"Src/syscalls.o" --specs=nano.specs -mfloat-abi=soft -mthumb -o "Src/syscalls.o"
arm-none-eabi-gcc "../Src/sysmem.c" -mcpu=cortex-m3 -std=gnu11 -g3 -DDEBUG -DSTM32F103RBTx -DSTM32 -DSTM32F1 -DNUCLEO_F103RB -c -I../Inc -I"C:/Users/John.DESKTOP-ACCU4EE/Desktop/Embedded-C/My_Workspace/host/stm32f1xx_drivers/bsp" -I"C:/Users/John.DESKTOP-ACCU4EE/Desktop/Embedded-C/My_Workspace/host/stm32f1xx_drivers/drivers/Inc" -O0 -ffunction-sections -fdata-sections -Wall -fstack-usage -fcyclomatic-complexity -MMD -MP -MF"Src/sysmem.d" -MT"Src/sysmem.o" --specs=nano.specs -mfloat-abi=soft -mthumb -o "Src/sysmem.o"
arm-none-eabi-gcc -o "stm32f1xx_drivers.elf" @"objects.list"   -mcpu=cortex-m3 -T"C:\Users\John.DESKTOP-ACCU4EE\Desktop\Embedded-C\My_Workspace\host\stm32f1xx_drivers\STM32F103RBTX_FLASH.ld" --specs=nosys.specs -Wl,-Map="stm32f1xx_drivers.map" -Wl,--gc-sections -static --specs=nano.specs -mfloat-abi=soft -mthumb -Wl,--start-group -lc -lm -Wl,--end-group
Finished building target: stm32f1xx_drivers.elf
 
arm-none-eabi-size  stm32f1xx_drivers.elf 
arm-none-eabi-objdump -h -S stm32f1xx_drivers.elf  > "stm32f1xx_drivers.list"
   text	   data	    bss	    dec	    hex	filename
   1888	      0	   1568	   3456	    d80	stm32f1xx_drivers.elf
Finished building: default.size.stdout
 
Finished building: stm32f1xx_drivers.list
 

18:19:31 Build Finished. 0 errors, 0 warnings. (took 1s.942ms)

