../drivers/Src/stm32f103xx_spi.c:31:6:SPIPeriClockControl	16	static
../drivers/Src/stm32f103xx_spi.c:75:6:SPI_Init	24	static
../drivers/Src/stm32f103xx_spi.c:139:6:SPIPeriControl	16	static
../drivers/Src/stm32f103xx_spi.c:165:6:SSIControl	16	static
../drivers/Src/stm32f103xx_spi.c:191:6:SSOEControl	16	static
../drivers/Src/stm32f103xx_spi.c:217:6:SPI_DeInit	16	static
../drivers/Src/stm32f103xx_spi.c:246:9:SPI_GetFlagStatus	16	static
../drivers/Src/stm32f103xx_spi.c:271:6:SPI_SendData	24	static
../drivers/Src/stm32f103xx_spi.c:310:6:SPI_ReceiveData	24	static
../drivers/Src/stm32f103xx_spi.c:349:9:SPI_SendDataIT	32	static
../drivers/Src/stm32f103xx_spi.c:382:9:SPI_ReceiveDataIT	32	static
../drivers/Src/stm32f103xx_spi.c:416:6:SPI_IRQHandling	24	static
../drivers/Src/stm32f103xx_spi.c:449:13:spi_txe_interrupt_handler	16	static
../drivers/Src/stm32f103xx_spi.c:474:13:spi_rxne_interrupt_handler	16	static
../drivers/Src/stm32f103xx_spi.c:499:13:spi_ovr_interrupt_handler	24	static
../drivers/Src/stm32f103xx_spi.c:513:6:SPI_CloseTransmission	16	static
../drivers/Src/stm32f103xx_spi.c:521:6:SPI_CloseReception	16	static
../drivers/Src/stm32f103xx_spi.c:529:13:SPI_ApplicationEventCallback	16	static
