23:22:58 **** Incremental Build of configuration Debug for project TestPullupCircuit ****
make -j8 all 
arm-none-eabi-gcc "../Core/Src/main.c" -mcpu=cortex-m3 -std=gnu11 -g3 -DDEBUG -DUSE_HAL_DRIVER -DSTM32F103xB -c -I../Core/Inc -I../Drivers/STM32F1xx_HAL_Driver/Inc -I../Drivers/STM32F1xx_HAL_Driver/Inc/Legacy -I../Drivers/CMSIS/Device/ST/STM32F1xx/Include -I../Drivers/CMSIS/Include -O0 -ffunction-sections -fdata-sections -Wall -fstack-usage -fcyclomatic-complexity -MMD -MP -MF"Core/Src/main.d" -MT"Core/Src/main.o" --specs=nano.specs -mfloat-abi=soft -mthumb -o "Core/Src/main.o"
../Core/Src/main.c: In function 'main':
../Core/Src/main.c:103:19: warning: unused variable 'pin_state' [-Wunused-variable]
  103 |           uint8_t pin_state;
      |                   ^~~~~~~~~
arm-none-eabi-gcc -o "TestPullupCircuit.elf" @"objects.list"   -mcpu=cortex-m3 -T"C:\Users\John.DESKTOP-ACCU4EE\Desktop\Embedded-C\My_Workspace\host\TestPullupCircuit\STM32F103RBTX_FLASH.ld" --specs=nosys.specs -Wl,-Map="TestPullupCircuit.map" -Wl,--gc-sections -static --specs=nano.specs -mfloat-abi=soft -mthumb -Wl,--start-group -lc -lm -Wl,--end-group
Finished building target: TestPullupCircuit.elf
 
arm-none-eabi-size  TestPullupCircuit.elf 
arm-none-eabi-objdump -h -S TestPullupCircuit.elf  > "TestPullupCircuit.list"
   text	   data	    bss	    dec	    hex	filename
   5616	     12	   1644	   7272	   1c68	TestPullupCircuit.elf
Finished building: default.size.stdout
 
Finished building: TestPullupCircuit.list
 

23:22:59 Build Finished. 0 errors, 1 warnings. (took 780ms)

